Path,Size,CreationTime,LastWriteTime,Attributes
C:\projects\lessmsi\src\Lessmsi.Tests\bin\Debug\Ex3\SourceDir\PFiles\NUnit 2.5.2\samples\csharp\money\cs-money.build,363,2009-02-07T20:33:16.0000000,2009-02-07T20:33:16.0000000,Archive
C:\projects\lessmsi\src\Lessmsi.Tests\bin\Debug\Ex3\SourceDir\PFiles\NUnit 2.5.2\doc\requiresMTA.html,5095,2009-08-10T17:30:50.0000000,2009-08-10T17:30:50.0000000,Archive
