Path,Size,CreationTime,LastWriteTime,Attributes
\Addin.cs,908,2024-07-01T22:12:12.8635084,2007-02-23T11:11:52.0000000,Archive
\addinsDialog.html,3234,2024-07-01T22:12:12.7458941,2009-08-10T17:30:54.0000000,Archive
\addinsDialog.jpg,20523,2024-07-01T22:12:12.8136836,2009-08-10T17:30:58.0000000,Archive
\agent.conf,92,2024-07-01T22:12:12.6753154,2009-04-26T19:06:34.0000000,Archive
\agent_1.conf,92,2024-07-01T22:12:12.7038072,2009-04-26T19:06:34.0000000,Archive
\assembliesTab.jpg,57348,2024-07-01T22:12:12.8146830,2009-08-10T17:30:58.0000000,Archive
\AssemblyInfo.cpp,2309,2024-07-01T22:12:12.8282181,2007-04-23T23:12:56.0000000,Archive
\AssemblyInfo.cs,2615,2024-07-01T22:12:12.8418163,2006-10-02T05:53:38.0000000,Archive
\AssemblyInfo.jsl,2423,2024-07-01T22:12:12.8723915,2006-10-02T05:25:38.0000000,Archive
\AssemblyInfo.vb,1032,2024-07-01T22:12:12.8755500,2006-10-02T05:30:42.0000000,Archive
\AssemblyInfo_1.cpp,1340,2024-07-01T22:12:12.8326065,2009-02-09T12:18:10.0000000,Archive
\AssemblyInfo_1.cs,2428,2024-07-01T22:12:12.8446186,2005-01-21T04:52:18.0000000,Archive
\AssemblyInfo_1.vb,1044,2024-07-01T22:12:12.8793261,2006-10-02T05:31:20.0000000,Archive
\AssemblyInfo_2.cpp,2309,2024-07-01T22:12:12.8369585,2007-04-23T23:13:12.0000000,Archive
\AssemblyInfo_2.cs,2426,2024-07-01T22:12:12.8499413,2007-08-14T21:28:48.0000000,Archive
\AssemblyInfo_2.vb,1044,2024-07-01T22:12:12.8847465,2007-04-26T00:40:48.0000000,Archive
\AssemblyInfo_3.cs,2426,2024-07-01T22:12:12.8564436,2006-03-11T06:06:00.0000000,Archive
\AssemblyInfo_4.cs,2426,2024-07-01T22:12:12.8648921,2006-03-11T06:06:00.0000000,Archive
\assertions.html,4093,2024-07-01T22:12:12.7464010,2009-08-10T17:30:46.0000000,Archive
\AssertSyntaxTests.cs,27133,2024-07-01T22:12:12.8499413,2009-01-26T23:05:16.0000000,Archive
\AssertSyntaxTests.vb,27302,2024-07-01T22:12:12.8847465,2009-03-22T18:32:16.0000000,Archive
\attributes.html,4558,2024-07-01T22:12:12.7476022,2009-08-10T17:30:48.0000000,Archive
\bulletOff.gif,73,2024-07-01T22:12:12.8156839,2009-08-10T17:30:58.0000000,Archive
\bulletOn.gif,73,2024-07-01T22:12:12.8156839,2009-08-10T17:30:58.0000000,Archive
\category.html,8542,2024-07-01T22:12:12.7476022,2009-08-10T17:30:48.0000000,Archive
\codeFuncs.js,1659,2024-07-01T22:12:12.7486382,2009-08-10T17:30:56.0000000,Archive
\collectionAssert.html,7752,2024-07-01T22:12:12.7486382,2009-08-10T17:30:46.0000000,Archive
\collectionConstraints.html,9263,2024-07-01T22:12:12.7496460,2009-08-10T17:30:48.0000000,Archive
\combinatorial.html,4482,2024-07-01T22:12:12.7506466,2009-08-10T17:30:48.0000000,Archive
\comparisonAsserts.html,11353,2024-07-01T22:12:12.7506466,2009-08-10T17:30:46.0000000,Archive
\comparisonConstraints.html,7007,2024-07-01T22:12:12.7516453,2009-08-10T17:30:48.0000000,Archive
\compoundConstraints.html,4067,2024-07-01T22:12:12.7526455,2009-08-10T17:30:48.0000000,Archive
\conditionAsserts.html,5434,2024-07-01T22:12:12.7526455,2009-08-10T17:30:46.0000000,Archive
\conditionConstraints.html,5531,2024-07-01T22:12:12.7536449,2009-08-10T17:30:48.0000000,Archive
\configEditor.html,3160,2024-07-01T22:12:12.7536449,2009-08-10T17:30:54.0000000,Archive
\configEditor.jpg,13925,2024-07-01T22:12:12.8166863,2009-08-10T17:30:58.0000000,Archive
\configFiles.html,5919,2024-07-01T22:12:12.7546450,2009-08-10T17:30:54.0000000,Archive
\console-mock.jpg,67818,2024-07-01T22:12:12.8176839,2009-08-10T17:30:58.0000000,Archive
\consoleCommandLine.html,14738,2024-07-01T22:12:12.7556457,2009-08-10T17:30:52.0000000,Archive
\constraintModel.html,6942,2024-07-01T22:12:12.7556457,2009-08-10T17:30:46.0000000,Archive
\contextMenu.html,3738,2024-07-01T22:12:12.7566452,2009-08-10T17:30:54.0000000,Archive
\CoreExtensibility.sln,3119,2024-07-01T22:12:12.8527322,2008-05-03T17:39:58.0000000,Archive
\cpp-cli-failures.build,703,2024-07-01T22:12:12.8295832,2009-02-07T20:33:16.0000000,Archive
\cpp-cli-failures.vcproj,4272,2024-07-01T22:12:12.8306075,2009-02-07T20:33:16.0000000,Archive
\cpp-cli-syntax.build,275,2024-07-01T22:12:12.8326065,2009-02-09T12:18:10.0000000,Archive
\cpp-cli-syntax.cpp,19565,2024-07-01T22:12:12.8336164,2009-01-26T23:05:16.0000000,Archive
\cpp-cli-syntax.vcproj,4270,2024-07-01T22:12:12.8346070,2009-02-07T20:33:16.0000000,Archive
\cpp-cli.sln,2584,2024-07-01T22:12:12.8282181,2007-04-05T06:48:02.0000000,Archive
\cpp-managed-failures.build,995,2024-07-01T22:12:12.8369585,2009-02-07T20:33:16.0000000,Archive
\cpp-managed-failures.vcproj,3711,2024-07-01T22:12:12.8382565,2009-02-07T20:33:16.0000000,Archive
\cppsample.cpp,1128,2024-07-01T22:12:12.8306075,2009-02-03T16:52:30.0000000,Archive
\cppsample.h,796,2024-07-01T22:12:12.8316066,2007-02-23T11:11:18.0000000,Archive
\cppsample_1.cpp,1124,2024-07-01T22:12:12.8382565,2007-04-23T23:13:12.0000000,Archive
\cppsample_1.h,799,2024-07-01T22:12:12.8395191,2007-02-23T11:11:20.0000000,Archive
\cs-failures.build,261,2024-07-01T22:12:12.8418163,2009-02-07T20:33:16.0000000,Archive
\cs-failures.csproj,1992,2024-07-01T22:12:12.8432309,2009-08-10T17:49:04.0000000,Archive
\cs-money.build,363,2024-07-01T22:12:12.8456284,2009-02-07T20:33:16.0000000,Archive
\cs-money.csproj,2206,2024-07-01T22:12:12.8456284,2009-08-10T17:49:04.0000000,Archive
\cs-syntax.build,267,2024-07-01T22:12:12.8514441,2009-02-09T12:18:10.0000000,Archive
\cs-syntax.csproj,1994,2024-07-01T22:12:12.8514441,2009-08-10T17:49:04.0000000,Archive
\CSharp.sln,1925,2024-07-01T22:12:12.8406316,2009-01-28T14:28:26.0000000,Archive
\CSharpTest.cs,1815,2024-07-01T22:12:12.8432309,2007-02-23T11:11:20.0000000,Archive
\culture.html,7880,2024-07-01T22:12:12.7566452,2009-08-10T17:30:48.0000000,Archive
\customConstraints.html,4073,2024-07-01T22:12:12.7566452,2009-08-10T17:30:54.0000000,Archive
\datapoint.html,4694,2024-07-01T22:12:12.7581344,2009-08-10T17:30:48.0000000,Archive
\datapointProviders.html,4570,2024-07-01T22:12:12.7591412,2009-08-10T17:30:56.0000000,Archive
\delayedConstraint.html,4129,2024-07-01T22:12:12.7591412,2009-08-10T17:30:48.0000000,Archive
\description.html,6386,2024-07-01T22:12:12.7601413,2009-08-10T17:30:48.0000000,Archive
\directoryAssert.html,6235,2024-07-01T22:12:12.7601413,2009-08-10T17:30:46.0000000,Archive
\equalConstraint.html,10720,2024-07-01T22:12:12.7601413,2009-08-10T17:30:46.0000000,Archive
\equalityAsserts.html,8113,2024-07-01T22:12:12.7616279,2009-08-10T17:30:46.0000000,Archive
\eventListeners.html,3718,2024-07-01T22:12:12.7616279,2009-08-10T17:30:56.0000000,Archive
\exception.html,10727,2024-07-01T22:12:12.7628872,2009-08-10T17:30:48.0000000,Archive
\exceptionAsserts.html,8188,2024-07-01T22:12:12.7628872,2009-08-10T17:30:46.0000000,Archive
\explicit.html,7905,2024-07-01T22:12:12.7640392,2009-08-10T17:30:48.0000000,Archive
\extensibility.html,2888,2024-07-01T22:12:12.7651312,2009-08-10T17:30:54.0000000,Archive
\extensionTips.html,3959,2024-07-01T22:12:12.7651312,2009-08-10T17:30:56.0000000,Archive
\failure.png,1445,2024-07-01T22:12:12.7219107,2009-07-03T20:54:34.0000000,Archive
\favicon.ico,766,2024-07-01T22:12:12.7661405,2009-08-10T17:30:56.0000000,Archive
\fileAssert.html,4521,2024-07-01T22:12:12.7661405,2009-08-10T17:30:46.0000000,Archive
\fit-license.txt,18347,2024-07-01T22:12:12.6722971,2007-02-21T09:09:26.0000000,Archive
\fit.dll,49152,2024-07-01T22:12:12.6892055,2007-02-04T10:42:28.0000000,Archive
\fit_1.dll,49152,2024-07-01T22:12:12.7232785,2007-02-04T10:42:28.0000000,Archive
\fixtureSetup.html,7845,2024-07-01T22:12:12.7671392,2009-08-10T17:30:52.0000000,Archive
\fixtureTeardown.html,7900,2024-07-01T22:12:12.7682148,2009-08-10T17:30:52.0000000,Archive
\generalOptions.jpg,22910,2024-07-01T22:12:12.8176839,2008-09-14T20:54:08.0000000,Archive
\generalTab.jpg,51655,2024-07-01T22:12:12.8186860,2009-08-10T17:30:58.0000000,Archive
\getStarted.html,3108,2024-07-01T22:12:12.7682148,2009-08-10T17:30:44.0000000,Archive
\gui-screenshot.jpg,86607,2024-07-01T22:12:12.8196825,2009-08-10T17:30:58.0000000,Archive
\gui-verify.jpg,60735,2024-07-01T22:12:12.8206841,2009-08-10T17:30:58.0000000,Archive
\guiCommandLine.html,8421,2024-07-01T22:12:12.7694086,2009-08-10T17:30:52.0000000,Archive
\identityAsserts.html,3759,2024-07-01T22:12:12.7694086,2009-08-10T17:30:46.0000000,Archive
\ignore.html,7814,2024-07-01T22:12:12.7694086,2009-08-10T17:30:50.0000000,Archive
\ignored.png,1444,2024-07-01T22:12:12.7232785,2009-07-03T20:54:34.0000000,Archive
\IMoney.cs,1217,2024-07-01T22:12:12.8472032,2007-02-23T11:10:00.0000000,Archive
\IMoney.vb,1288,2024-07-01T22:12:12.8793261,2007-02-23T11:12:24.0000000,Archive
\inconclusive.png,1436,2024-07-01T22:12:12.7232785,2009-07-03T20:54:34.0000000,Archive
\index.html,2827,2024-07-01T22:12:12.7708176,2009-08-10T17:30:44.0000000,Archive
\installation.html,5739,2024-07-01T22:12:12.7708176,2009-08-10T17:30:46.0000000,Archive
\jsharp-failures.build,270,2024-07-01T22:12:12.8729440,2009-02-07T20:33:16.0000000,Archive
\jsharp-failures.vjsproj,1724,2024-07-01T22:12:12.8734526,2009-08-10T17:49:04.0000000,Archive
\jsharp.sln,925,2024-07-01T22:12:12.8713629,2007-02-24T04:08:46.0000000,Archive
\JSharpTest.jsl,1819,2024-07-01T22:12:12.8745415,2007-02-23T11:12:24.0000000,Archive
\langFilter.gif,863,2024-07-01T22:12:12.8216839,2009-08-10T17:30:58.0000000,Archive
\license.html,3820,2024-07-01T22:12:12.7718278,2009-08-10T17:30:56.0000000,Archive
\license.txt,1131,2024-07-01T22:12:12.6743089,2009-01-26T23:04:40.0000000,Archive
\listMapper.html,3853,2024-07-01T22:12:12.7725958,2009-08-10T17:30:48.0000000,Archive
\loadtest-assembly.dll,53248,2024-07-01T22:12:12.6942061,2009-08-10T16:27:50.0000000,Archive
\loadtest-assembly_1.dll,40960,2024-07-01T22:12:12.7336127,2009-08-10T16:31:04.0000000,Archive
\log4net.dll,258048,2024-07-01T22:12:12.6892055,2007-10-31T23:50:50.0000000,Archive
\log4net_1.dll,258048,2024-07-01T22:12:12.7246345,2007-10-31T23:50:50.0000000,Archive
\logo.gif,1467,2024-07-01T22:12:12.8216839,2009-08-10T17:30:58.0000000,Archive
\Logo.ico,1078,2024-07-01T22:12:12.6743089,2003-08-04T22:05:20.0000000,Archive
\mainMenu.html,8721,2024-07-01T22:12:12.7736032,2009-08-10T17:30:54.0000000,Archive
\managed-cpp.sln,938,2024-07-01T22:12:12.8359480,2007-02-24T04:08:46.0000000,Archive
\maxtime.html,4411,2024-07-01T22:12:12.7736032,2009-08-10T17:30:50.0000000,Archive
\miniGui.jpg,126661,2024-07-01T22:12:12.8226910,2009-08-10T17:30:58.0000000,Archive
\Minimal.build,572,2024-07-01T22:12:12.8537221,2009-02-07T20:33:16.0000000,Archive
\Minimal.cs,1250,2024-07-01T22:12:12.8551839,2007-02-23T11:11:52.0000000,Archive
\Minimal.csproj,3430,2024-07-01T22:12:12.8551839,2009-02-07T20:33:16.0000000,Archive
\mock-assembly.dll,8192,2024-07-01T22:12:12.6942061,2009-08-10T16:24:50.0000000,Archive
\mock-assembly_1.dll,7680,2024-07-01T22:12:12.7346200,2009-08-10T16:31:02.0000000,Archive
\Money.cs,2216,2024-07-01T22:12:12.8472032,2007-02-23T11:10:58.0000000,Archive
\Money.vb,3349,2024-07-01T22:12:12.8804833,2009-03-22T18:32:16.0000000,Archive
\MoneyBag.cs,4045,2024-07-01T22:12:12.8486794,2007-02-23T11:10:58.0000000,Archive
\MoneyBag.vb,5081,2024-07-01T22:12:12.8814950,2009-03-22T18:32:16.0000000,Archive
\MoneyTest.cs,7605,2024-07-01T22:12:12.8486794,2007-02-23T11:10:58.0000000,Archive
\MoneyTest.vb,7665,2024-07-01T22:12:12.8824946,2009-03-22T18:32:16.0000000,Archive
\multiAssembly.html,5731,2024-07-01T22:12:12.7748114,2009-08-10T17:30:54.0000000,Archive
\nonamespace-assembly.dll,4608,2024-07-01T22:12:12.6954817,2009-08-10T16:24:50.0000000,Archive
\nonamespace-assembly_1.dll,4608,2024-07-01T22:12:12.7346200,2009-08-10T16:31:02.0000000,Archive
\nunit-agent.exe,7168,2024-07-01T22:12:12.6763157,2009-08-10T16:24:48.0000000,Archive
\nunit-agent.exe.config,3130,2024-07-01T22:12:12.6773152,2008-11-25T14:49:40.0000000,Archive
\nunit-agent.exe_1.config,3130,2024-07-01T22:12:12.7052507,2008-11-25T14:49:40.0000000,Archive
\nunit-agent_1.exe,7168,2024-07-01T22:12:12.7038072,2009-08-10T16:31:00.0000000,Archive
\nunit-console-runner.dll,32768,2024-07-01T22:12:12.6902062,2009-08-10T16:24:48.0000000,Archive
\nunit-console-runner_1.dll,32768,2024-07-01T22:12:12.7258229,2009-08-10T16:31:00.0000000,Archive
\nunit-console-x86.exe,4608,2024-07-01T22:12:12.7052507,2009-08-10T16:31:00.0000000,Archive
\nunit-console-x86.exe.config,3120,2024-07-01T22:12:12.7062568,2008-11-03T14:08:08.0000000,Archive
\nunit-console.exe,4608,2024-07-01T22:12:12.6773152,2009-08-10T16:24:48.0000000,Archive
\nunit-console.exe.config,3120,2024-07-01T22:12:12.6783166,2008-11-03T14:08:08.0000000,Archive
\nunit-console.exe_1.config,3120,2024-07-01T22:12:12.7075465,2008-11-03T14:08:08.0000000,Archive
\nunit-console.html,3379,2024-07-01T22:12:12.7748114,2009-08-10T17:30:52.0000000,Archive
\nunit-console.tests.dll,24576,2024-07-01T22:12:12.6966971,2009-08-10T16:30:10.0000000,Archive
\nunit-console.tests_1.dll,24576,2024-07-01T22:12:12.7356196,2009-08-10T16:31:06.0000000,Archive
\nunit-console_1.exe,4608,2024-07-01T22:12:12.7062568,2009-08-10T16:31:00.0000000,Archive
\nunit-gui-runner.dll,192512,2024-07-01T22:12:12.7258229,2009-08-10T16:31:12.0000000,Archive
\nunit-gui.html,5386,2024-07-01T22:12:12.7758188,2009-08-10T17:30:52.0000000,Archive
\nunit-gui.tests.dll,8704,2024-07-01T22:12:12.7369117,2009-08-10T16:31:14.0000000,Archive
\nunit-x86.exe,5632,2024-07-01T22:12:12.7085548,2009-08-10T16:31:12.0000000,Archive
\nunit-x86.exe.config,3452,2024-07-01T22:12:12.7095535,2008-11-03T14:08:08.0000000,Archive
\nunit.core.dll,126976,2024-07-01T22:12:12.6912054,2009-08-10T16:24:44.0000000,Archive
\nunit.core.interfaces.dll,53248,2024-07-01T22:12:12.6922061,2009-08-10T16:24:44.0000000,Archive
\nunit.core.interfaces_1.dll,53248,2024-07-01T22:12:12.7278314,2009-08-10T16:30:56.0000000,Archive
\nunit.core.tests.dll,159744,2024-07-01T22:12:12.6966971,2009-08-10T16:30:10.0000000,Archive
\nunit.core.tests_1.dll,163840,2024-07-01T22:12:12.7369117,2009-08-10T16:31:04.0000000,Archive
\nunit.core_1.dll,131072,2024-07-01T22:12:12.7268315,2009-08-10T16:30:58.0000000,Archive
\nunit.css,6793,2024-07-01T22:12:12.7758188,2009-08-10T17:30:56.0000000,Archive
\nunit.exe,5632,2024-07-01T22:12:12.7095535,2009-08-10T16:31:12.0000000,Archive
\nunit.exe.config,3452,2024-07-01T22:12:12.7095535,2008-11-03T14:08:08.0000000,Archive
\nunit.fixtures.dll,9728,2024-07-01T22:12:12.6922061,2009-08-10T16:30:10.0000000,Archive
\nunit.fixtures.tests.dll,8192,2024-07-01T22:12:12.6979981,2009-08-10T16:30:12.0000000,Archive
\nunit.fixtures.tests_1.dll,8192,2024-07-01T22:12:12.7383344,2009-08-10T16:31:06.0000000,Archive
\nunit.fixtures_1.dll,9728,2024-07-01T22:12:12.7289583,2009-08-10T16:31:06.0000000,Archive
\nunit.framework.dll,126976,2024-07-01T22:12:12.6850472,2009-08-10T16:24:44.0000000,Archive
\nunit.framework.tests.dll,323584,2024-07-01T22:12:12.6990130,2009-08-10T16:27:52.0000000,Archive
\nunit.framework.tests_1.dll,335872,2024-07-01T22:12:12.7398127,2009-08-10T16:31:04.0000000,Archive
\nunit.framework.xml,513763,2024-07-01T22:12:12.6860461,2009-08-10T16:24:44.0000000,Archive
\nunit.framework_1.dll,126976,2024-07-01T22:12:12.6979981,2009-08-10T16:24:44.0000000,Archive
\nunit.framework_1.xml,541371,2024-07-01T22:12:12.7191666,2009-08-10T16:30:56.0000000,Archive
\nunit.framework_2.dll,131072,2024-07-01T22:12:12.7191666,2009-08-10T16:30:56.0000000,Archive
\nunit.framework_3.dll,131072,2024-07-01T22:12:12.7383344,2009-08-10T16:30:56.0000000,Archive
\nunit.mocks.dll,10752,2024-07-01T22:12:12.6870462,2009-08-10T16:24:44.0000000,Archive
\nunit.mocks.tests.dll,24576,2024-07-01T22:12:12.6990130,2009-08-10T16:30:10.0000000,Archive
\nunit.mocks.tests_1.dll,24576,2024-07-01T22:12:12.7398127,2009-08-10T16:31:04.0000000,Archive
\nunit.mocks_1.dll,20480,2024-07-01T22:12:12.7204723,2009-08-10T16:30:58.0000000,Archive
\nunit.uiexception.dll,90112,2024-07-01T22:12:12.7289583,2009-08-10T16:31:08.0000000,Archive
\nunit.uiexception.tests.dll,126976,2024-07-01T22:12:12.7408024,2009-08-10T16:31:12.0000000,Archive
\nunit.uikit.dll,262144,2024-07-01T22:12:12.7303127,2009-08-10T16:31:10.0000000,Archive
\nunit.uikit.tests.dll,40960,2024-07-01T22:12:12.7418109,2009-08-10T16:31:12.0000000,Archive
\nunit.util.dll,122880,2024-07-01T22:12:12.6932059,2009-08-10T16:24:48.0000000,Archive
\nunit.util.tests.dll,172032,2024-07-01T22:12:12.7003414,2009-08-10T16:30:10.0000000,Archive
\nunit.util.tests_1.dll,172032,2024-07-01T22:12:12.7418109,2009-08-10T16:31:06.0000000,Archive
\nunit.util_1.dll,122880,2024-07-01T22:12:12.7313297,2009-08-10T16:30:58.0000000,Archive
\nunitAddins.html,8911,2024-07-01T22:12:12.7772473,2009-08-10T17:30:56.0000000,Archive
\NUnitFitTests.html,6297,2024-07-01T22:12:12.6783166,2008-02-22T20:26:06.0000000,Archive
\NUnitFitTests_1.html,6297,2024-07-01T22:12:12.7110149,2008-02-22T20:26:06.0000000,Archive
\NUnitTests.config,3386,2024-07-01T22:12:12.6794344,2008-02-22T20:26:06.0000000,Archive
\NUnitTests.nunit,455,2024-07-01T22:12:12.6804423,2009-08-10T16:30:12.0000000,Archive
\NUnitTests_1.config,3386,2024-07-01T22:12:12.7120239,2008-02-22T20:26:06.0000000,Archive
\NUnitTests_1.nunit,642,2024-07-01T22:12:12.7131722,2009-08-10T16:31:14.0000000,Archive
\optionsDialog.jpg,22546,2024-07-01T22:12:12.8236852,2009-08-10T17:30:58.0000000,Archive
\pairwise.html,4323,2024-07-01T22:12:12.7772473,2009-08-10T17:30:50.0000000,Archive
\parameterizedTests.html,6571,2024-07-01T22:12:12.7785944,2009-08-10T17:30:52.0000000,Archive
\pathConstraints.html,5356,2024-07-01T22:12:12.7785944,2009-08-10T17:30:48.0000000,Archive
\platform.html,8795,2024-07-01T22:12:12.7796017,2009-08-10T17:30:50.0000000,Archive
\pnunit-agent.exe,15872,2024-07-01T22:12:12.6804423,2009-08-10T16:24:50.0000000,Archive
\pnunit-agent.exe.config,3141,2024-07-01T22:12:12.6817980,2008-11-03T14:08:08.0000000,Archive
\pnunit-agent.exe_1.config,3141,2024-07-01T22:12:12.7141802,2008-11-03T14:08:08.0000000,Archive
\pnunit-agent_1.exe,15872,2024-07-01T22:12:12.7131722,2009-08-10T16:31:02.0000000,Archive
\pnunit-launcher.exe,28672,2024-07-01T22:12:12.6817980,2009-08-10T16:24:50.0000000,Archive
\pnunit-launcher.exe.config,3142,2024-07-01T22:12:12.6817980,2008-11-03T14:08:08.0000000,Archive
\pnunit-launcher.exe_1.config,3142,2024-07-01T22:12:12.7153926,2008-11-03T14:08:08.0000000,Archive
\pnunit-launcher_1.exe,28672,2024-07-01T22:12:12.7153926,2009-08-10T16:31:02.0000000,Archive
\pnunit.framework.dll,7168,2024-07-01T22:12:12.6881976,2009-08-10T16:24:48.0000000,Archive
\pnunit.framework_1.dll,7168,2024-07-01T22:12:12.7204723,2009-08-10T16:31:00.0000000,Archive
\pnunit.html,3382,2024-07-01T22:12:12.7796017,2009-08-10T17:30:54.0000000,Archive
\projectEditor.html,8419,2024-07-01T22:12:12.7806022,2009-08-10T17:30:54.0000000,Archive
\property.html,7755,2024-07-01T22:12:12.7806022,2009-08-10T17:30:50.0000000,Archive
\propertyConstraint.html,3970,2024-07-01T22:12:12.7817332,2009-08-10T17:30:48.0000000,Archive
\QuickStart.doc,37376,2024-07-01T22:12:12.8091619,2009-08-10T17:30:56.0000000,Archive
\quickStart.html,12537,2024-07-01T22:12:12.7827436,2009-08-10T17:30:44.0000000,Archive
\QuickStart.Spanish.doc,39936,2024-07-01T22:12:12.8104634,2009-08-10T17:30:56.0000000,Archive
\random.html,5095,2024-07-01T22:12:12.7827436,2009-08-10T17:30:50.0000000,Archive
\range.html,6156,2024-07-01T22:12:12.7837409,2009-08-10T17:30:50.0000000,Archive
\ReadMe.txt,2211,2024-07-01T22:12:12.8269050,2007-04-26T00:40:46.0000000,Archive
\releaseDetail.html,35074,2024-07-01T22:12:12.7847404,2009-07-05T20:49:06.0000000,Archive
\releaseNotes.html,42662,2024-07-01T22:12:12.7847404,2009-08-10T17:30:56.0000000,Archive
\repeat.html,3887,2024-07-01T22:12:12.7857784,2009-08-10T17:30:50.0000000,Archive
\requiredAddin.html,4939,2024-07-01T22:12:12.7867872,2009-08-10T17:30:50.0000000,Archive
\requiresMTA.html,5095,2024-07-01T22:12:12.7867872,2009-08-10T17:30:50.0000000,Archive
\requiresSTA.html,5101,2024-07-01T22:12:12.7877881,2009-08-10T17:30:50.0000000,Archive
\requiresThread.html,5110,2024-07-01T22:12:12.7887888,2009-08-10T17:30:50.0000000,Archive
\Results.xsd,3029,2024-07-01T22:12:12.8116756,2009-08-10T17:30:58.0000000,Archive
\runFile.exe,3072,2024-07-01T22:12:12.6830401,2007-02-04T10:42:28.0000000,Archive
\runFile.exe.config,1794,2024-07-01T22:12:12.6840475,2007-02-10T07:53:30.0000000,Archive
\runFile.exe_1.config,1794,2024-07-01T22:12:12.7164148,2007-02-10T07:53:30.0000000,Archive
\runFile_1.exe,3072,2024-07-01T22:12:12.7164148,2007-02-04T10:42:28.0000000,Archive
\sameasConstraint.html,3495,2024-07-01T22:12:12.7897864,2009-08-10T17:30:46.0000000,Archive
\SampleFixtureExtension.build,564,2024-07-01T22:12:12.8573933,2009-02-07T20:33:16.0000000,Archive
\SampleFixtureExtension.cs,1628,2024-07-01T22:12:12.8587207,2007-02-23T11:11:52.0000000,Archive
\SampleFixtureExtension.csproj,4257,2024-07-01T22:12:12.8592262,2009-02-07T20:33:16.0000000,Archive
\SampleFixtureExtensionAttribute.cs,628,2024-07-01T22:12:12.8602339,2007-02-23T11:11:52.0000000,Archive
\SampleFixtureExtensionBuilder.cs,1875,2024-07-01T22:12:12.8602339,2009-02-07T20:33:16.0000000,Archive
\SampleFixtureExtensionTests.cs,1118,2024-07-01T22:12:12.8624647,2007-02-23T11:11:52.0000000,Archive
\SampleFixtureExtensionTests.csproj,3628,2024-07-01T22:12:12.8624647,2009-02-07T20:33:16.0000000,Archive
\samples.common,9934,2024-07-01T22:12:12.8269050,2009-02-09T12:01:10.0000000,Archive
\samples.html,4054,2024-07-01T22:12:12.7897864,2009-08-10T17:30:56.0000000,Archive
\SampleSuiteExtension.build,545,2024-07-01T22:12:12.8648921,2009-02-07T20:33:16.0000000,Archive
\SampleSuiteExtension.cs,1563,2024-07-01T22:12:12.8663207,2007-02-23T11:11:52.0000000,Archive
\SampleSuiteExtension.csproj,4327,2024-07-01T22:12:12.8663207,2009-02-07T20:33:16.0000000,Archive
\SampleSuiteExtensionAttribute.cs,624,2024-07-01T22:12:12.8677264,2007-02-23T11:11:52.0000000,Archive
\SampleSuiteExtensionBuilder.cs,1454,2024-07-01T22:12:12.8677264,2007-02-23T11:11:52.0000000,Archive
\SampleSuiteExtensionTests.cs,838,2024-07-01T22:12:12.8689769,2007-02-23T11:11:52.0000000,Archive
\SampleSuiteExtensionTests.csproj,3625,2024-07-01T22:12:12.8700177,2009-02-07T20:33:16.0000000,Archive
\sequential.html,4618,2024-07-01T22:12:12.7907883,2009-08-10T17:30:50.0000000,Archive
\setCulture.html,6129,2024-07-01T22:12:12.7917875,2009-08-10T17:30:50.0000000,Archive
\settingsDialog.html,11690,2024-07-01T22:12:12.7917875,2009-08-10T17:30:54.0000000,Archive
\setup.html,7614,2024-07-01T22:12:12.7929748,2009-08-10T17:30:50.0000000,Archive
\setupFixture.html,6840,2024-07-01T22:12:12.7939852,2009-08-10T17:30:50.0000000,Archive
\SimpleVBTest.vb,1702,2024-07-01T22:12:12.8770376,2007-02-23T11:12:24.0000000,Archive
\skipped.png,1405,2024-07-01T22:12:12.7313297,2009-07-03T20:54:34.0000000,Archive
\stringAssert.html,4244,2024-07-01T22:12:12.7939852,2009-08-10T17:30:46.0000000,Archive
\stringConstraints.html,7312,2024-07-01T22:12:12.7939852,2009-08-10T17:30:48.0000000,Archive
\success.png,1439,2024-07-01T22:12:12.7323216,2009-07-03T20:54:34.0000000,Archive
\suite.html,8011,2024-07-01T22:12:12.7954519,2009-08-10T17:30:50.0000000,Archive
\suiteBuilders.html,3522,2024-07-01T22:12:12.7964605,2009-08-10T17:30:56.0000000,Archive
\Summary.xslt,1394,2024-07-01T22:12:12.8116756,2009-08-10T17:30:58.0000000,Archive
\teardown.html,7682,2024-07-01T22:12:12.7964605,2009-08-10T17:30:50.0000000,Archive
\test-assembly.dll,49152,2024-07-01T22:12:12.7013495,2009-08-10T16:27:50.0000000,Archive
\test-assembly_1.dll,49152,2024-07-01T22:12:12.7431810,2009-08-10T16:31:02.0000000,Archive
\test-utilities.dll,24576,2024-07-01T22:12:12.7025157,2009-08-10T16:27:50.0000000,Archive
\test-utilities_1.dll,24576,2024-07-01T22:12:12.7444490,2009-08-10T16:31:02.0000000,Archive
\test.conf,801,2024-07-01T22:12:12.6840475,2009-04-26T20:07:08.0000000,Archive
\test.html,7132,2024-07-01T22:12:12.7974595,2009-08-10T17:30:52.0000000,Archive
\testCase.html,7023,2024-07-01T22:12:12.7984607,2009-08-10T17:30:52.0000000,Archive
\testcaseBuilders.html,3940,2024-07-01T22:12:12.7984607,2009-08-10T17:30:56.0000000,Archive
\testcaseProviders.html,5049,2024-07-01T22:12:12.7995844,2009-08-10T17:30:56.0000000,Archive
\testCaseSource.html,12148,2024-07-01T22:12:12.7995844,2009-08-10T17:30:52.0000000,Archive
\testDecorators.html,3870,2024-07-01T22:12:12.8005976,2009-08-10T17:30:56.0000000,Archive
\testFixture.html,11827,2024-07-01T22:12:12.8015975,2009-08-10T17:30:52.0000000,Archive
\testLoadOptions.jpg,27356,2024-07-01T22:12:12.8246883,2008-09-14T20:54:08.0000000,Archive
\testOutputOptions.jpg,38632,2024-07-01T22:12:12.8246883,2008-09-14T20:54:08.0000000,Archive
\testProperties.html,2920,2024-07-01T22:12:12.8015975,2009-08-10T17:30:54.0000000,Archive
\testProperties.jpg,41433,2024-07-01T22:12:12.8256831,2009-08-10T17:30:58.0000000,Archive
\TestResult.xml,7739,2024-07-01T22:12:12.8126837,2009-08-10T17:30:58.0000000,Archive
\test_1.conf,801,2024-07-01T22:12:12.7177626,2009-04-26T20:07:08.0000000,Archive
\theory.html,7789,2024-07-01T22:12:12.8026173,2009-08-10T17:30:52.0000000,Archive
\throwsConstraint.html,6011,2024-07-01T22:12:12.8026173,2009-08-10T17:30:48.0000000,Archive
\timeout.html,4352,2024-07-01T22:12:12.8039429,2009-08-10T17:30:52.0000000,Archive
\timing-tests.dll,6144,2024-07-01T22:12:12.7025157,2009-08-10T16:27:50.0000000,Archive
\timing-tests_1.dll,6656,2024-07-01T22:12:12.7444490,2009-08-10T16:31:04.0000000,Archive
\typeAsserts.html,5042,2024-07-01T22:12:12.8049522,2009-08-10T17:30:46.0000000,Archive
\typeConstraints.html,4068,2024-07-01T22:12:12.8049522,2009-08-10T17:30:48.0000000,Archive
\upgrade.html,3697,2024-07-01T22:12:12.8059536,2009-08-10T17:30:46.0000000,Archive
\utilityAsserts.html,5281,2024-07-01T22:12:12.8069528,2009-08-10T17:30:46.0000000,Archive
\values.html,5725,2024-07-01T22:12:12.8069528,2009-08-10T17:30:52.0000000,Archive
\valueSource.html,6560,2024-07-01T22:12:12.8080983,2009-08-10T17:30:52.0000000,Archive
\vb-failures.build,264,2024-07-01T22:12:12.8770376,2009-02-07T20:33:16.0000000,Archive
\vb-failures.vbproj,1962,2024-07-01T22:12:12.8781523,2009-08-10T17:49:04.0000000,Archive
\vb-money.build,361,2024-07-01T22:12:12.8824946,2009-02-07T20:33:16.0000000,Archive
\vb-money.vbproj,2209,2024-07-01T22:12:12.8837271,2009-08-10T17:49:04.0000000,Archive
\vb-samples.sln,1925,2024-07-01T22:12:12.8745415,2007-04-26T00:40:46.0000000,Archive
\vb-syntax.build,269,2024-07-01T22:12:12.8862497,2009-02-07T20:33:16.0000000,Archive
\vb-syntax.vbproj,2251,2024-07-01T22:12:12.8862497,2009-08-10T17:49:04.0000000,Archive
\vsSupport.html,6592,2024-07-01T22:12:12.8080983,2009-08-10T17:30:54.0000000,Archive
