Path,Size,CreationTime,LastWriteTime,Attributes
\cs-money.build,363,2024-07-01T22:16:47.4318578,2009-02-07T20:33:16.0000000,Archive
\requiresMTA.html,5095,2024-07-01T22:16:47.4299764,2009-08-10T17:30:50.0000000,Archive
