Path,Size,CreationTime,LastWriteTime,Attributes
\SourceDir\Common Files\Apple\Mobile Device Support\api-ms-win-core-file-l1-1-0.dll,22208,2023-11-09T08:17:24.0000000,2023-11-09T08:17:24.0000000,Archive
